pab22@texel43:Coursework_Consumer_Producer$ ./main 9 3 3 2
Producer(2): job id 2 duration 7
Producer(1): job id 1 duration 4
Producer(3): job id 3 duration 8
Producer(2): job id 4 duration 7
Producer(3): job id 5 duration 3
Producer(3): job id 6 duration 3
Producer(1): job id 7 duration 1
Producer(3): No more jobs to generate
Producer(2): job id 8 duration 4
Producer(2): No more jobs to generate
Producer(1): job id 9 duration 1
Producer(1): No more jobs to generate
Consumer(2): job id 1 executing sleep duration 4
Consumer(1): job id 2 executing sleep duration 7
Consumer(2): job id 1 completed
Consumer(2): job id 3 executing sleep duration 8
Consumer(1): job id 2 completed
Consumer(1): job id 4 executing sleep duration 7
Consumer(2): job id 3 completed
Consumer(2): job id 5 executing sleep duration 3
Consumer(1): job id 4 completed
Consumer(1): job id 6 executing sleep duration 3
Consumer(2): job id 5 completed
Consumer(2): No more jobs left.
Consumer(1): job id 6 completed
Consumer(1): No more jobs left.
pab22@texel43:Coursework_Consumer_Producer$ man
What manual page do you want?
For example, try 'man man'.
pab22@texel43:Coursework_Consumer_Producer$ man timespec
WARNING: terminal is not fully functional
Press RETURN to continue 

SYSTEM_DATA_TYPES(7)                  Linux Programmer's Manual                  SYSTEM_DATA_TYPES(7)

NAME
       system_data_types - overview of system data types

DESCRIPTION
       aiocb
              Include: <aio.h>.

              struct aiocb {
                  int             aio_fildes;    /* File descriptor */
                  off_t           aio_offset;    /* File offset */
                  volatile void  *aio_buf;       /* Location of buffer */
                  size_t          aio_nbytes;    /* Length of transfer */
                  int             aio_reqprio;   /* Request priority offset */
                  struct sigevent aio_sigevent;  /* Signal number and value */
                  int             aio_lio_opcode;/* Operation to be performed */
              };

              For further information about this structure, see aio(7).

              Conforming to: POSIX.1-2001 and later.

              See   also:  aio_cancel(3),  aio_error(3),  aio_fsync(3),  aio_read(3),  aio_return(3),
              aio_suspend(3), aio_write(3), lio_listio(3)

       clock_t
              Include: <time.h> or <sys/types.h>.  Alternatively, <sys/time.h>.

              Used for system time in clock ticks or CLOCKS_PER_SEC (defined in <time.h>).  According
              to POSIX, it shall be an integer type or a real-floating type.

              Conforming to: C99 and later; POSIX.1-2001 and later.

              See also: times(2), clock(3)

       clockid_t
              Include: <sys/types.h>.  Alternatively, <time.h>.

              Used  for clock ID type in the clock and timer functions.  According to POSIX, it shall
              be defined as an arithmetic type.

              Conforming to: POSIX.1-2001 and later.

              See  also:  clock_adjtime(2),  clock_getres(2),  clock_nanosleep(2),   timer_create(2),
              clock_getcpuclockid(3)

       dev_t
 Manual page timespec(3) line 1 (press h for help or q to quit)quit
pab22@texel43:Coursework_Consumer_Producer$ Command 'uit' not found, did you mean:
  command 'quit' from snap quit (1.0+git)
  command 'uil' from deb uil (2.3.8-3)
  command 'ui' from deb userinfo (2.5-5)
  command 'vit' from deb vit (2.1.0-2)
  command 'uic' from deb qtchooser (66-2build1)
  command 'uif' from deb uif (1.1.9-5)
  command 'luit' from deb x11-utils (7.7+5build2)
  command 'wit' from deb wit (3.01a-4)
  command 'git' from deb git (1:2.34.1-1ubuntu1.4)
See 'snap info <snapname>' for additional versions.
pab22@texel43:Coursework_Consumer_Producer$ ./main 9 3 3 3
Producer(1): job id 1 duration 4
Producer(3): job id 2 duration 7
Producer(2): job id 3 duration 8
Producer(1): job id 4 duration 7
Producer(2): job id 5 duration 10
Producer(2): job id 6 duration 3
Producer(3): job id 7 duration 1
Producer(1): job id 8 duration 4
Producer(1): No more jobs to generate
Producer(2): No more jobs to generate
Producer(3): job id 9 duration 1
Producer(3): No more jobs to generate
Consumer(1): job id 1 executing sleep duration 4
Consumer(2): job id 2 executing sleep duration 7
Consumer(3): job id 3 executing sleep duration 8
Consumer(1): job id 1 completed
Consumer(1): job id 4 executing sleep duration 7
Consumer(2): job id 2 completed
Consumer(2): job id 5 executing sleep duration 10
Consumer(3): job id 3 completed
Consumer(3): job id 6 executing sleep duration 3
Consumer(3): job id 6 completed
Consumer(3): job id 7 executing sleep duration 1
Consumer(1): job id 4 completed
Consumer(1): job id 8 executing sleep duration 4
Consumer(3): job id 7 completed
Consumer(3): No more jobs left.
Consumer(1): job id 8 completed
Consumer(1): No more jobs left.
Consumer(2): job id 5 completed
Consumer(2): job id 9 executing sleep duration 1
Consumer(2): job id 9 completed
Consumer(2): No more jobs left.
pab22@texel43:Coursework_Consumer_Producer$ ./main 9 3 3 3
Producer(1): job id 1 duration 4
Producer(3): job id 2 duration 8
Producer(2): job id 3 duration 6
Producer(2): job id 4 duration 7
Producer(1): job id 5 duration 10
Producer(3): job id 6 duration 3
Producer(2): job id 8 duration 10
Producer(1): job id 7 duration 8
Producer(3): job id 9 duration 1
Producer(1): No more jobs to generate
Producer(3): No more jobs to generate
Producer(2): No more jobs to generate
Consumer(1): job id 1 executing sleep duration 4
Consumer(2): job id 2 executing sleep duration 8
Consumer(3): job id 3 executing sleep duration 6
Consumer(1): job id 1 completed
Consumer(1): job id 4 executing sleep duration 7
Consumer(3): job id 3 completed
Consumer(3): job id 5 executing sleep duration 10
Consumer(2): job id 2 completed
Consumer(2): job id 6 executing sleep duration 3
Consumer(1): job id 4 completed
Consumer(1): job id 7 executing sleep duration 8
Consumer(2): job id 6 completed
Consumer(2): job id 8 executing sleep duration 10
Consumer(3): job id 5 completed
Consumer(3): job id 9 executing sleep duration 1
Consumer(3): job id 9 completed
Consumer(3): No more jobs left.
Consumer(1): job id 7 completed
Consumer(1): No more jobs left.
Consumer(2): job id 8 completed
Consumer(2): No more jobs left.
pab22@texel43:Coursework_Consumer_Producer$ 